// Jest Snapshot v1, https://goo.gl/fbAQLP

exports[`Park should match the snapshot with all data passed in 1`] = `
<div
  className="card-overlay"
>
  <div
    className="park-card-small"
  >
    <p
      onClick={[Function]}
    >
      X
    </p>
    <h1
      className="park-title"
    >
      Death Valley
       National Park
    </h1>
    <img
      className="park-img"
      src="./assets/death-valley.jpg"
    />
    <h3
      className="park-text"
    >
      The Badlands are a collection of buttes, pinnacles, spires, and mixed-grass prai
      ...
    </h3>
    <button
      className="button-small"
      onClick={[Function]}
    >
      View More
    </button>
    <p>
      Visited
    </p>
    <p>
      Bucket
    </p>
  </div>
</div>
`;
